// Jest Snapshot v1, https://goo.gl/fbAQLP

exports[`Button props should match snapshot 1`] = `
<button
  className="btn"
  disabled={false}
  onClick={[Function]}
  type="button"
>
  Hello
</button>
`;
